
> web@0.1.0 build C:\Users\Admin\Desktop\PhuocTH\Tasks\Task_monorepo\task-monorepo\apps\web
> next build

   ▲ Next.js 15.5.4
   - Environments: .env.local

   Creating an optimized production build ...
 ✓ Compiled successfully in 4.3s
   Skipping linting
   Checking validity of types ...
Failed to compile.

../../packages/shared/src/api/projects.api.ts:131:9
Type error: Type '{ project_manager: { id: string; full_name: string; email: string; } | null | undefined; members: { profile: { id: string; full_name: string; email: string; avatar_url: string; } | undefined; user_id: string; }[]; tasks_count: number; id: string; project_manager_id: string | null; }[]' is not assignable to type 'Project[]'.
  Type '{ project_manager: { id: string; full_name: string; email: string; } | null | undefined; members: { profile: { id: string; full_name: string; email: string; avatar_url: string; } | undefined; user_id: string; }[]; tasks_count: number; id: string; project_manager_id: string | null; }' is missing the following properties from type 'Project': name, project_type, status, currency, and 5 more.

[0m [90m 129 |[39m         )[33m;[39m
 [90m 130 |[39m
[31m[1m>[22m[39m[90m 131 |[39m         [36mreturn[39m result[33m;[39m
 [90m     |[39m         [31m[1m^[22m[39m
 [90m 132 |[39m     } [36mcatch[39m (error) {
 [90m 133 |[39m         console[33m.[39merror([32m"listProjectsApi error:"[39m[33m,[39m error)[33m;[39m
 [90m 134 |[39m         [36mthrow[39m error[33m;[39m[0m
Next.js build worker exited with code: 1 and signal: null
 ELIFECYCLE  Command failed with exit code 1.
