
> web@0.1.0 build C:\Users\Admin\Desktop\PhuocTH\Tasks\Task_monorepo\task-monorepo\apps\web
> next build

   ▲ Next.js 15.5.4
   - Environments: .env.local

   Creating an optimized production build ...
<w> [webpack.cache.PackFileCacheStrategy] Serializing big strings (118kiB) impacts deserialization performance (consider using Buffer instead and decode when needed)
 ⚠ Compiled with warnings in 1164ms

../../node_modules/.pnpm/@supabase+realtime-js@2.77.0/node_modules/@supabase/realtime-js/dist/module/lib/websocket-factory.js
A Node.js API is used (process.versions at line: 32) which is not supported in the Edge Runtime.
Learn more: https://nextjs.org/docs/api-reference/edge-runtime

Import trace for requested module:
../../node_modules/.pnpm/@supabase+realtime-js@2.77.0/node_modules/@supabase/realtime-js/dist/module/lib/websocket-factory.js
../../node_modules/.pnpm/@supabase+realtime-js@2.77.0/node_modules/@supabase/realtime-js/dist/module/index.js
../../node_modules/.pnpm/@supabase+supabase-js@2.77.0/node_modules/@supabase/supabase-js/dist/module/index.js
../../node_modules/.pnpm/@supabase+ssr@0.7.0_@supabase+supabase-js@2.77.0/node_modules/@supabase/ssr/dist/module/createBrowserClient.js
../../node_modules/.pnpm/@supabase+ssr@0.7.0_@supabase+supabase-js@2.77.0/node_modules/@supabase/ssr/dist/module/index.js
./src/lib/supabase/middleware.ts

../../node_modules/.pnpm/@supabase+supabase-js@2.77.0/node_modules/@supabase/supabase-js/dist/module/index.js
A Node.js API is used (process.version at line: 24) which is not supported in the Edge Runtime.
Learn more: https://nextjs.org/docs/api-reference/edge-runtime

Import trace for requested module:
../../node_modules/.pnpm/@supabase+supabase-js@2.77.0/node_modules/@supabase/supabase-js/dist/module/index.js
../../node_modules/.pnpm/@supabase+ssr@0.7.0_@supabase+supabase-js@2.77.0/node_modules/@supabase/ssr/dist/module/createBrowserClient.js
../../node_modules/.pnpm/@supabase+ssr@0.7.0_@supabase+supabase-js@2.77.0/node_modules/@supabase/ssr/dist/module/index.js
./src/lib/supabase/middleware.ts

 ✓ Compiled successfully in 11.7s
   Skipping linting
   Checking validity of types ...
Failed to compile.

.next/types/app/(dashboard)/projects/[id]/page.ts:34:29
Type error: Type '{ params: { id: string; }; }' does not satisfy the constraint 'PageProps'.
  Types of property 'params' are incompatible.
    Type '{ id: string; }' is missing the following properties from type 'Promise<any>': then, catch, finally, [Symbol.toStringTag]

[0m [90m 32 |[39m
 [90m 33 |[39m [90m// Check the prop type of the entry function[39m
[31m[1m>[22m[39m[90m 34 |[39m checkFields[33m<[39m[33mDiff[39m[33m<[39m[33mPageProps[39m[33m,[39m [33mFirstArg[39m[33m<[39m[33mTEntry[39m[[32m'default'[39m][33m>[39m[33m,[39m [32m'default'[39m[33m>>[39m()
 [90m    |[39m                             [31m[1m^[22m[39m
 [90m 35 |[39m
 [90m 36 |[39m [90m// Check the arguments and return type of the generateMetadata function[39m
 [90m 37 |[39m [36mif[39m ([32m'generateMetadata'[39m [36min[39m entry) {[0m
Next.js build worker exited with code: 1 and signal: null
 ELIFECYCLE  Command failed with exit code 1.
